
  .   ____          _            __ _ _
 /\\ / ___'_ __ _ _(_)_ __  __ _ \ \ \ \
( ( )\___ | '_ | '_| | '_ \/ _` | \ \ \ \
 \\/  ___)| |_)| | | | | || (_| |  ) ) ) )
  '  |____| .__|_| |_|_| |_\__, | / / / /
 =========|_|==============|___/=/_/_/_/

 :: Spring Boot ::                (v4.0.6)

2026-06-12T17:21:06.291+05:30  INFO 1940 --- [api-gateway] [           main] c.m.apigateway.ApiGatewayApplication     : Starting ApiGatewayApplication v1.0.0 using Java 21.0.10 with PID 1940 (D:\Projects\Motohive\motohive-server\api-gateway\target\api-gateway-1.0.0.jar started by thewa in D:\Projects\Motohive\motohive-server\api-gateway)
2026-06-12T17:21:06.298+05:30  INFO 1940 --- [api-gateway] [           main] c.m.apigateway.ApiGatewayApplication     : No active profile set, falling back to 1 default profile: "default"
2026-06-12T17:21:08.017+05:30  INFO 1940 --- [api-gateway] [           main] o.s.cloud.context.scope.GenericScope     : BeanFactory id=7fcf8f4e-e587-3752-89b5-dbc9fabb02ce
2026-06-12T17:21:08.424+05:30  INFO 1940 --- [api-gateway] [           main] o.s.boot.tomcat.TomcatWebServer          : Tomcat initialized with port 8080 (http)
2026-06-12T17:21:08.443+05:30  INFO 1940 --- [api-gateway] [           main] o.apache.catalina.core.StandardService   : Starting service [Tomcat]
2026-06-12T17:21:08.445+05:30  INFO 1940 --- [api-gateway] [           main] o.apache.catalina.core.StandardEngine    : Starting Servlet engine: [Apache Tomcat/11.0.21]
2026-06-12T17:21:08.496+05:30  INFO 1940 --- [api-gateway] [           main] b.w.c.s.WebApplicationContextInitializer : Root WebApplicationContext: initialization completed in 2080 ms
2026-06-12T17:21:09.835+05:30  WARN 1940 --- [api-gateway] [           main] ConfigServletWebServerApplicationContext : Exception encountered during context initialization - cancelling refresh attempt: org.springframework.context.ApplicationContextException: Failed to start bean 'webServerStartStop'
2026-06-12T17:21:09.865+05:30  INFO 1940 --- [api-gateway] [           main] .s.b.a.l.ConditionEvaluationReportLogger : 

Error starting ApplicationContext. To display the condition evaluation report re-run your application with 'debug' enabled.
2026-06-12T17:21:09.904+05:30 ERROR 1940 --- [api-gateway] [           main] o.s.b.d.LoggingFailureAnalysisReporter   : 

***************************
APPLICATION FAILED TO START
***************************

Description:

Web server failed to start. Port 8080 was already in use.

Action:

Identify and stop the process that's listening on port 8080 or configure this application to listen on another port.

